ARM GAS  C:\Users\Ecapable\AppData\Local\Temp\ccLgjlIY.s 			page 1


   1              		.cpu cortex-m0
   2              		.fpu softvfp
   3              		.eabi_attribute 20, 1
   4              		.eabi_attribute 21, 1
   5              		.eabi_attribute 23, 3
   6              		.eabi_attribute 24, 1
   7              		.eabi_attribute 25, 1
   8              		.eabi_attribute 26, 1
   9              		.eabi_attribute 30, 6
  10              		.eabi_attribute 34, 0
  11              		.eabi_attribute 18, 4
  12              		.code	16
  13              		.file	"cyfitter_cfg.c"
  14              		.text
  15              	.Ltext0:
  16              		.cfi_sections	.debug_frame
  17              		.section	.text.CYMEMZERO,"ax",%progbits
  18              		.align	2
  19              		.code	16
  20              		.thumb_func
  21              		.type	CYMEMZERO, %function
  22              	CYMEMZERO:
  23              	.LFB2:
  24              		.file 1 ".\\Generated_Source\\PSoC4\\cyfitter_cfg.c"
   1:.\Generated_Source\PSoC4/cyfitter_cfg.c **** /*******************************************************************************
   2:.\Generated_Source\PSoC4/cyfitter_cfg.c **** * File Name: cyfitter_cfg.c
   3:.\Generated_Source\PSoC4/cyfitter_cfg.c **** * 
   4:.\Generated_Source\PSoC4/cyfitter_cfg.c **** * PSoC Creator  3.3 CP3
   5:.\Generated_Source\PSoC4/cyfitter_cfg.c **** *
   6:.\Generated_Source\PSoC4/cyfitter_cfg.c **** * Description:
   7:.\Generated_Source\PSoC4/cyfitter_cfg.c **** * This file contains device initialization code.
   8:.\Generated_Source\PSoC4/cyfitter_cfg.c **** * Except for the user defined sections in CyClockStartupError(), this file should not be modified.
   9:.\Generated_Source\PSoC4/cyfitter_cfg.c **** * This file is automatically generated by PSoC Creator.
  10:.\Generated_Source\PSoC4/cyfitter_cfg.c **** *
  11:.\Generated_Source\PSoC4/cyfitter_cfg.c **** ********************************************************************************
  12:.\Generated_Source\PSoC4/cyfitter_cfg.c **** * Copyright (c) 2007-2016 Cypress Semiconductor.  All rights reserved.
  13:.\Generated_Source\PSoC4/cyfitter_cfg.c **** * You may use this file only in accordance with the license, terms, conditions, 
  14:.\Generated_Source\PSoC4/cyfitter_cfg.c **** * disclaimers, and limitations in the end user license agreement accompanying 
  15:.\Generated_Source\PSoC4/cyfitter_cfg.c **** * the software package with which this file was provided.
  16:.\Generated_Source\PSoC4/cyfitter_cfg.c **** ********************************************************************************/
  17:.\Generated_Source\PSoC4/cyfitter_cfg.c **** 
  18:.\Generated_Source\PSoC4/cyfitter_cfg.c **** #include <string.h>
  19:.\Generated_Source\PSoC4/cyfitter_cfg.c **** #include "cytypes.h"
  20:.\Generated_Source\PSoC4/cyfitter_cfg.c **** #include "cydevice_trm.h"
  21:.\Generated_Source\PSoC4/cyfitter_cfg.c **** #include "cyfitter.h"
  22:.\Generated_Source\PSoC4/cyfitter_cfg.c **** #include "CyLib.h"
  23:.\Generated_Source\PSoC4/cyfitter_cfg.c **** #include "cyfitter_cfg.h"
  24:.\Generated_Source\PSoC4/cyfitter_cfg.c **** 
  25:.\Generated_Source\PSoC4/cyfitter_cfg.c **** 
  26:.\Generated_Source\PSoC4/cyfitter_cfg.c **** #if defined(__GNUC__) || defined(__ARMCC_VERSION)
  27:.\Generated_Source\PSoC4/cyfitter_cfg.c ****     #define CYPACKED 
  28:.\Generated_Source\PSoC4/cyfitter_cfg.c ****     #define CYPACKED_ATTR __attribute__ ((packed))
  29:.\Generated_Source\PSoC4/cyfitter_cfg.c ****     #define CYALIGNED __attribute__ ((aligned))
  30:.\Generated_Source\PSoC4/cyfitter_cfg.c ****     #define CY_CFG_UNUSED __attribute__ ((unused))
  31:.\Generated_Source\PSoC4/cyfitter_cfg.c ****     #ifndef CY_CFG_SECTION
  32:.\Generated_Source\PSoC4/cyfitter_cfg.c ****         #define CY_CFG_SECTION __attribute__ ((section(".psocinit")))
  33:.\Generated_Source\PSoC4/cyfitter_cfg.c ****     #endif
ARM GAS  C:\Users\Ecapable\AppData\Local\Temp\ccLgjlIY.s 			page 2


  34:.\Generated_Source\PSoC4/cyfitter_cfg.c ****     
  35:.\Generated_Source\PSoC4/cyfitter_cfg.c ****     #if defined(__ARMCC_VERSION)
  36:.\Generated_Source\PSoC4/cyfitter_cfg.c ****         #define CY_CFG_MEMORY_BARRIER() __memory_changed()
  37:.\Generated_Source\PSoC4/cyfitter_cfg.c ****     #else
  38:.\Generated_Source\PSoC4/cyfitter_cfg.c ****         #define CY_CFG_MEMORY_BARRIER() __sync_synchronize()
  39:.\Generated_Source\PSoC4/cyfitter_cfg.c ****     #endif
  40:.\Generated_Source\PSoC4/cyfitter_cfg.c ****     
  41:.\Generated_Source\PSoC4/cyfitter_cfg.c **** #elif defined(__ICCARM__)
  42:.\Generated_Source\PSoC4/cyfitter_cfg.c ****     #include <intrinsics.h>
  43:.\Generated_Source\PSoC4/cyfitter_cfg.c **** 
  44:.\Generated_Source\PSoC4/cyfitter_cfg.c ****     #define CYPACKED __packed
  45:.\Generated_Source\PSoC4/cyfitter_cfg.c ****     #define CYPACKED_ATTR 
  46:.\Generated_Source\PSoC4/cyfitter_cfg.c ****     #define CYALIGNED _Pragma("data_alignment=4")
  47:.\Generated_Source\PSoC4/cyfitter_cfg.c ****     #define CY_CFG_UNUSED _Pragma("diag_suppress=Pe177")
  48:.\Generated_Source\PSoC4/cyfitter_cfg.c ****     #define CY_CFG_SECTION _Pragma("location=\".psocinit\"")
  49:.\Generated_Source\PSoC4/cyfitter_cfg.c ****     
  50:.\Generated_Source\PSoC4/cyfitter_cfg.c ****     #define CY_CFG_MEMORY_BARRIER() __DMB()
  51:.\Generated_Source\PSoC4/cyfitter_cfg.c ****     
  52:.\Generated_Source\PSoC4/cyfitter_cfg.c **** #else
  53:.\Generated_Source\PSoC4/cyfitter_cfg.c ****     #error Unsupported toolchain
  54:.\Generated_Source\PSoC4/cyfitter_cfg.c **** #endif
  55:.\Generated_Source\PSoC4/cyfitter_cfg.c **** 
  56:.\Generated_Source\PSoC4/cyfitter_cfg.c **** 
  57:.\Generated_Source\PSoC4/cyfitter_cfg.c **** CY_CFG_UNUSED
  58:.\Generated_Source\PSoC4/cyfitter_cfg.c **** static void CYMEMZERO(void *s, size_t n);
  59:.\Generated_Source\PSoC4/cyfitter_cfg.c **** CY_CFG_UNUSED
  60:.\Generated_Source\PSoC4/cyfitter_cfg.c **** static void CYMEMZERO(void *s, size_t n)
  61:.\Generated_Source\PSoC4/cyfitter_cfg.c **** {
  25              		.loc 1 61 0
  26              		.cfi_startproc
  27 0000 80B5     		push	{r7, lr}
  28              		.cfi_def_cfa_offset 8
  29              		.cfi_offset 7, -8
  30              		.cfi_offset 14, -4
  31 0002 82B0     		sub	sp, sp, #8
  32              		.cfi_def_cfa_offset 16
  33 0004 00AF     		add	r7, sp, #0
  34              		.cfi_def_cfa_register 7
  35 0006 7860     		str	r0, [r7, #4]
  36 0008 3960     		str	r1, [r7]
  62:.\Generated_Source\PSoC4/cyfitter_cfg.c **** 	(void)memset(s, 0, n);
  37              		.loc 1 62 0
  38 000a 7A68     		ldr	r2, [r7, #4]
  39 000c 3B68     		ldr	r3, [r7]
  40 000e 101C     		mov	r0, r2
  41 0010 0021     		mov	r1, #0
  42 0012 1A1C     		mov	r2, r3
  43 0014 FFF7FEFF 		bl	memset
  63:.\Generated_Source\PSoC4/cyfitter_cfg.c **** }
  44              		.loc 1 63 0
  45 0018 BD46     		mov	sp, r7
  46 001a 02B0     		add	sp, sp, #8
  47              		@ sp needed
  48 001c 80BD     		pop	{r7, pc}
  49              		.cfi_endproc
  50              	.LFE2:
  51              		.size	CYMEMZERO, .-CYMEMZERO
ARM GAS  C:\Users\Ecapable\AppData\Local\Temp\ccLgjlIY.s 			page 3


  52 001e C046     		.section	.text.CYCONFIGCPY,"ax",%progbits
  53              		.align	2
  54              		.code	16
  55              		.thumb_func
  56              		.type	CYCONFIGCPY, %function
  57              	CYCONFIGCPY:
  58              	.LFB3:
  64:.\Generated_Source\PSoC4/cyfitter_cfg.c **** CY_CFG_UNUSED
  65:.\Generated_Source\PSoC4/cyfitter_cfg.c **** static void CYCONFIGCPY(void *dest, const void *src, size_t n);
  66:.\Generated_Source\PSoC4/cyfitter_cfg.c **** CY_CFG_UNUSED
  67:.\Generated_Source\PSoC4/cyfitter_cfg.c **** static void CYCONFIGCPY(void *dest, const void *src, size_t n)
  68:.\Generated_Source\PSoC4/cyfitter_cfg.c **** {
  59              		.loc 1 68 0
  60              		.cfi_startproc
  61 0000 80B5     		push	{r7, lr}
  62              		.cfi_def_cfa_offset 8
  63              		.cfi_offset 7, -8
  64              		.cfi_offset 14, -4
  65 0002 84B0     		sub	sp, sp, #16
  66              		.cfi_def_cfa_offset 24
  67 0004 00AF     		add	r7, sp, #0
  68              		.cfi_def_cfa_register 7
  69 0006 F860     		str	r0, [r7, #12]
  70 0008 B960     		str	r1, [r7, #8]
  71 000a 7A60     		str	r2, [r7, #4]
  69:.\Generated_Source\PSoC4/cyfitter_cfg.c **** 	(void)memcpy(dest, src, n);
  72              		.loc 1 69 0
  73 000c F968     		ldr	r1, [r7, #12]
  74 000e BA68     		ldr	r2, [r7, #8]
  75 0010 7B68     		ldr	r3, [r7, #4]
  76 0012 081C     		mov	r0, r1
  77 0014 111C     		mov	r1, r2
  78 0016 1A1C     		mov	r2, r3
  79 0018 FFF7FEFF 		bl	memcpy
  70:.\Generated_Source\PSoC4/cyfitter_cfg.c **** }
  80              		.loc 1 70 0
  81 001c BD46     		mov	sp, r7
  82 001e 04B0     		add	sp, sp, #16
  83              		@ sp needed
  84 0020 80BD     		pop	{r7, pc}
  85              		.cfi_endproc
  86              	.LFE3:
  87              		.size	CYCONFIGCPY, .-CYCONFIGCPY
  88 0022 C046     		.section	.text.CYCONFIGCPYCODE,"ax",%progbits
  89              		.align	2
  90              		.code	16
  91              		.thumb_func
  92              		.type	CYCONFIGCPYCODE, %function
  93              	CYCONFIGCPYCODE:
  94              	.LFB4:
  71:.\Generated_Source\PSoC4/cyfitter_cfg.c **** CY_CFG_UNUSED
  72:.\Generated_Source\PSoC4/cyfitter_cfg.c **** static void CYCONFIGCPYCODE(void *dest, const void *src, size_t n);
  73:.\Generated_Source\PSoC4/cyfitter_cfg.c **** CY_CFG_UNUSED
  74:.\Generated_Source\PSoC4/cyfitter_cfg.c **** static void CYCONFIGCPYCODE(void *dest, const void *src, size_t n)
  75:.\Generated_Source\PSoC4/cyfitter_cfg.c **** {
  95              		.loc 1 75 0
  96              		.cfi_startproc
ARM GAS  C:\Users\Ecapable\AppData\Local\Temp\ccLgjlIY.s 			page 4


  97 0000 80B5     		push	{r7, lr}
  98              		.cfi_def_cfa_offset 8
  99              		.cfi_offset 7, -8
 100              		.cfi_offset 14, -4
 101 0002 84B0     		sub	sp, sp, #16
 102              		.cfi_def_cfa_offset 24
 103 0004 00AF     		add	r7, sp, #0
 104              		.cfi_def_cfa_register 7
 105 0006 F860     		str	r0, [r7, #12]
 106 0008 B960     		str	r1, [r7, #8]
 107 000a 7A60     		str	r2, [r7, #4]
  76:.\Generated_Source\PSoC4/cyfitter_cfg.c **** 	(void)memcpy(dest, src, n);
 108              		.loc 1 76 0
 109 000c F968     		ldr	r1, [r7, #12]
 110 000e BA68     		ldr	r2, [r7, #8]
 111 0010 7B68     		ldr	r3, [r7, #4]
 112 0012 081C     		mov	r0, r1
 113 0014 111C     		mov	r1, r2
 114 0016 1A1C     		mov	r2, r3
 115 0018 FFF7FEFF 		bl	memcpy
  77:.\Generated_Source\PSoC4/cyfitter_cfg.c **** }
 116              		.loc 1 77 0
 117 001c BD46     		mov	sp, r7
 118 001e 04B0     		add	sp, sp, #16
 119              		@ sp needed
 120 0020 80BD     		pop	{r7, pc}
 121              		.cfi_endproc
 122              	.LFE4:
 123              		.size	CYCONFIGCPYCODE, .-CYCONFIGCPYCODE
 124 0022 C046     		.section	.psocinit,"ax",%progbits
 125              		.align	2
 126              		.code	16
 127              		.thumb_func
 128              		.type	ClockSetup, %function
 129              	ClockSetup:
 130              	.LFB5:
  78:.\Generated_Source\PSoC4/cyfitter_cfg.c **** 
  79:.\Generated_Source\PSoC4/cyfitter_cfg.c **** 
  80:.\Generated_Source\PSoC4/cyfitter_cfg.c **** 
  81:.\Generated_Source\PSoC4/cyfitter_cfg.c **** /* Clock startup error codes                                                   */
  82:.\Generated_Source\PSoC4/cyfitter_cfg.c **** #define CYCLOCKSTART_NO_ERROR    0u
  83:.\Generated_Source\PSoC4/cyfitter_cfg.c **** #define CYCLOCKSTART_XTAL_ERROR  1u
  84:.\Generated_Source\PSoC4/cyfitter_cfg.c **** #define CYCLOCKSTART_32KHZ_ERROR 2u
  85:.\Generated_Source\PSoC4/cyfitter_cfg.c **** #define CYCLOCKSTART_PLL_ERROR   3u
  86:.\Generated_Source\PSoC4/cyfitter_cfg.c **** 
  87:.\Generated_Source\PSoC4/cyfitter_cfg.c **** #ifdef CY_NEED_CYCLOCKSTARTUPERROR
  88:.\Generated_Source\PSoC4/cyfitter_cfg.c **** /*******************************************************************************
  89:.\Generated_Source\PSoC4/cyfitter_cfg.c **** * Function Name: CyClockStartupError
  90:.\Generated_Source\PSoC4/cyfitter_cfg.c **** ********************************************************************************
  91:.\Generated_Source\PSoC4/cyfitter_cfg.c **** * Summary:
  92:.\Generated_Source\PSoC4/cyfitter_cfg.c **** *  If an error is encountered during clock configuration (crystal startup error,
  93:.\Generated_Source\PSoC4/cyfitter_cfg.c **** *  PLL lock error, etc.), the system will end up here.  Unless reimplemented by
  94:.\Generated_Source\PSoC4/cyfitter_cfg.c **** *  the customer, this function will stop in an infinite loop.
  95:.\Generated_Source\PSoC4/cyfitter_cfg.c **** *
  96:.\Generated_Source\PSoC4/cyfitter_cfg.c **** * Parameters:
  97:.\Generated_Source\PSoC4/cyfitter_cfg.c **** *   void
  98:.\Generated_Source\PSoC4/cyfitter_cfg.c **** *
ARM GAS  C:\Users\Ecapable\AppData\Local\Temp\ccLgjlIY.s 			page 5


  99:.\Generated_Source\PSoC4/cyfitter_cfg.c **** * Return:
 100:.\Generated_Source\PSoC4/cyfitter_cfg.c **** *   void
 101:.\Generated_Source\PSoC4/cyfitter_cfg.c **** *
 102:.\Generated_Source\PSoC4/cyfitter_cfg.c **** *******************************************************************************/
 103:.\Generated_Source\PSoC4/cyfitter_cfg.c **** CY_CFG_UNUSED
 104:.\Generated_Source\PSoC4/cyfitter_cfg.c **** static void CyClockStartupError(uint8 errorCode);
 105:.\Generated_Source\PSoC4/cyfitter_cfg.c **** CY_CFG_UNUSED
 106:.\Generated_Source\PSoC4/cyfitter_cfg.c **** static void CyClockStartupError(uint8 errorCode)
 107:.\Generated_Source\PSoC4/cyfitter_cfg.c **** {
 108:.\Generated_Source\PSoC4/cyfitter_cfg.c ****     /* To remove the compiler warning if errorCode not used.                */
 109:.\Generated_Source\PSoC4/cyfitter_cfg.c ****     errorCode = errorCode;
 110:.\Generated_Source\PSoC4/cyfitter_cfg.c **** 
 111:.\Generated_Source\PSoC4/cyfitter_cfg.c ****     /* `#START CyClockStartupError` */
 112:.\Generated_Source\PSoC4/cyfitter_cfg.c **** 
 113:.\Generated_Source\PSoC4/cyfitter_cfg.c ****     /* If we have a clock startup error (bad MHz crystal, PLL lock, etc.),  */
 114:.\Generated_Source\PSoC4/cyfitter_cfg.c ****     /* we will end up here to allow the customer to implement something to  */
 115:.\Generated_Source\PSoC4/cyfitter_cfg.c ****     /* deal with the clock condition.                                       */
 116:.\Generated_Source\PSoC4/cyfitter_cfg.c **** 
 117:.\Generated_Source\PSoC4/cyfitter_cfg.c ****     /* `#END` */
 118:.\Generated_Source\PSoC4/cyfitter_cfg.c **** 
 119:.\Generated_Source\PSoC4/cyfitter_cfg.c ****     /* If nothing else, stop here since the clocks have not started         */
 120:.\Generated_Source\PSoC4/cyfitter_cfg.c ****     /* correctly.                                                           */
 121:.\Generated_Source\PSoC4/cyfitter_cfg.c ****     while(1) {}
 122:.\Generated_Source\PSoC4/cyfitter_cfg.c **** }
 123:.\Generated_Source\PSoC4/cyfitter_cfg.c **** #endif
 124:.\Generated_Source\PSoC4/cyfitter_cfg.c **** 
 125:.\Generated_Source\PSoC4/cyfitter_cfg.c **** 
 126:.\Generated_Source\PSoC4/cyfitter_cfg.c **** 
 127:.\Generated_Source\PSoC4/cyfitter_cfg.c **** /*******************************************************************************
 128:.\Generated_Source\PSoC4/cyfitter_cfg.c **** * Function Name: ClockSetup
 129:.\Generated_Source\PSoC4/cyfitter_cfg.c **** ********************************************************************************
 130:.\Generated_Source\PSoC4/cyfitter_cfg.c **** *
 131:.\Generated_Source\PSoC4/cyfitter_cfg.c **** * Summary:
 132:.\Generated_Source\PSoC4/cyfitter_cfg.c **** *   Performs the initialization of all of the clocks in the device based on the
 133:.\Generated_Source\PSoC4/cyfitter_cfg.c **** *   settings in the Clock tab of the DWR.  This includes enabling the requested
 134:.\Generated_Source\PSoC4/cyfitter_cfg.c **** *   clocks and setting the necessary dividers to produce the desired frequency. 
 135:.\Generated_Source\PSoC4/cyfitter_cfg.c **** *
 136:.\Generated_Source\PSoC4/cyfitter_cfg.c **** * Parameters:
 137:.\Generated_Source\PSoC4/cyfitter_cfg.c **** *   void
 138:.\Generated_Source\PSoC4/cyfitter_cfg.c **** *
 139:.\Generated_Source\PSoC4/cyfitter_cfg.c **** * Return:
 140:.\Generated_Source\PSoC4/cyfitter_cfg.c **** *   void
 141:.\Generated_Source\PSoC4/cyfitter_cfg.c **** *
 142:.\Generated_Source\PSoC4/cyfitter_cfg.c **** *******************************************************************************/
 143:.\Generated_Source\PSoC4/cyfitter_cfg.c **** static void ClockSetup(void);
 144:.\Generated_Source\PSoC4/cyfitter_cfg.c **** CY_CFG_SECTION
 145:.\Generated_Source\PSoC4/cyfitter_cfg.c **** static void ClockSetup(void)
 146:.\Generated_Source\PSoC4/cyfitter_cfg.c **** {
 131              		.loc 1 146 0
 132              		.cfi_startproc
 133 0000 80B5     		push	{r7, lr}
 134              		.cfi_def_cfa_offset 8
 135              		.cfi_offset 7, -8
 136              		.cfi_offset 14, -4
 137 0002 00AF     		add	r7, sp, #0
 138              		.cfi_def_cfa_register 7
 147:.\Generated_Source\PSoC4/cyfitter_cfg.c **** 
ARM GAS  C:\Users\Ecapable\AppData\Local\Temp\ccLgjlIY.s 			page 6


 148:.\Generated_Source\PSoC4/cyfitter_cfg.c **** 	/* Set Flash Cycles based on max possible frequency in case a glitch occurs during ClockSetup(). *
 149:.\Generated_Source\PSoC4/cyfitter_cfg.c **** 	CY_SET_REG32((void CYXDATA *)(CYREG_CPUSS_FLASH_CTL), (0x0012u));
 139              		.loc 1 149 0
 140 0004 234B     		ldr	r3, .L5
 141 0006 1222     		mov	r2, #18
 142 0008 1A60     		str	r2, [r3]
 150:.\Generated_Source\PSoC4/cyfitter_cfg.c **** 
 151:.\Generated_Source\PSoC4/cyfitter_cfg.c **** 	/* Start the WCO */
 152:.\Generated_Source\PSoC4/cyfitter_cfg.c **** 	CySysClkWcoStart();
 143              		.loc 1 152 0
 144 000a FFF7FEFF 		bl	CySysClkWcoStart
 153:.\Generated_Source\PSoC4/cyfitter_cfg.c **** 	CyDelayCycles(12000000u); /* WCO may take up to 500ms to start */
 145              		.loc 1 153 0
 146 000e 224B     		ldr	r3, .L5+4
 147 0010 181C     		mov	r0, r3
 148 0012 FFF7FEFF 		bl	CyDelayCycles
 154:.\Generated_Source\PSoC4/cyfitter_cfg.c **** 	(void)CySysClkWcoSetPowerMode(CY_SYS_CLK_WCO_LPM);    /* Switch to the low power mode */
 149              		.loc 1 154 0
 150 0016 0120     		mov	r0, #1
 151 0018 FFF7FEFF 		bl	CySysClkWcoSetPowerMode
 155:.\Generated_Source\PSoC4/cyfitter_cfg.c **** 
 156:.\Generated_Source\PSoC4/cyfitter_cfg.c **** 	/* Setup and trim IMO based on desired frequency. */
 157:.\Generated_Source\PSoC4/cyfitter_cfg.c **** 	CySysClkWriteImoFreq(12u);
 152              		.loc 1 157 0
 153 001c 0C20     		mov	r0, #12
 154 001e FFF7FEFF 		bl	CySysClkWriteImoFreq
 158:.\Generated_Source\PSoC4/cyfitter_cfg.c **** 	/* CYDEV_CLK_ILO_CONFIG Starting address: CYDEV_CLK_ILO_CONFIG */
 159:.\Generated_Source\PSoC4/cyfitter_cfg.c **** 	CY_SET_XTND_REG32((void CYFAR *)(CYREG_CLK_ILO_CONFIG), 0x80000006u);
 155              		.loc 1 159 0
 156 0022 1E4B     		ldr	r3, .L5+8
 157 0024 1E4A     		ldr	r2, .L5+12
 158 0026 1A60     		str	r2, [r3]
 160:.\Generated_Source\PSoC4/cyfitter_cfg.c **** 
 161:.\Generated_Source\PSoC4/cyfitter_cfg.c **** 	/* CYDEV_WDT_CONFIG Starting address: CYDEV_WDT_CONFIG */
 162:.\Generated_Source\PSoC4/cyfitter_cfg.c **** 	CY_SET_XTND_REG32((void CYFAR *)(CYREG_WDT_CONFIG), 0x40000000u);
 159              		.loc 1 162 0
 160 0028 1E4B     		ldr	r3, .L5+16
 161 002a 8022     		mov	r2, #128
 162 002c D205     		lsl	r2, r2, #23
 163 002e 1A60     		str	r2, [r3]
 163:.\Generated_Source\PSoC4/cyfitter_cfg.c **** 
 164:.\Generated_Source\PSoC4/cyfitter_cfg.c **** 
 165:.\Generated_Source\PSoC4/cyfitter_cfg.c **** 	/* Enable fast start mode for XO */
 166:.\Generated_Source\PSoC4/cyfitter_cfg.c **** 	CY_SET_REG32((void*)CYREG_BLE_BLERD_BB_XO, CY_GET_REG32((void*)CYREG_BLE_BLERD_BB_XO) | (uint32)0x
 164              		.loc 1 166 0
 165 0030 1D4B     		ldr	r3, .L5+20
 166 0032 1D4A     		ldr	r2, .L5+20
 167 0034 1268     		ldr	r2, [r2]
 168 0036 0221     		mov	r1, #2
 169 0038 0A43     		orr	r2, r1
 170 003a 1A60     		str	r2, [r3]
 167:.\Generated_Source\PSoC4/cyfitter_cfg.c **** 	CY_SET_XTND_REG32((void CYFAR *)(CYREG_BLE_BLERD_BB_XO_CAPTRIM), 0x00003E2Du);
 171              		.loc 1 167 0
 172 003c 1B4B     		ldr	r3, .L5+24
 173 003e 1C4A     		ldr	r2, .L5+28
 174 0040 1A60     		str	r2, [r3]
 168:.\Generated_Source\PSoC4/cyfitter_cfg.c **** 	/* Disable Crystal Stable Interrupt before enabling ECO */
ARM GAS  C:\Users\Ecapable\AppData\Local\Temp\ccLgjlIY.s 			page 7


 169:.\Generated_Source\PSoC4/cyfitter_cfg.c **** 	CY_SET_REG32((void*)CYREG_BLE_BLESS_LL_DSM_CTRL, CY_GET_REG32((void*)CYREG_BLE_BLESS_LL_DSM_CTRL) 
 175              		.loc 1 169 0
 176 0042 1C4B     		ldr	r3, .L5+32
 177 0044 1B4A     		ldr	r2, .L5+32
 178 0046 1268     		ldr	r2, [r2]
 179 0048 0821     		mov	r1, #8
 180 004a 8A43     		bic	r2, r1
 181 004c 1A60     		str	r2, [r3]
 170:.\Generated_Source\PSoC4/cyfitter_cfg.c **** 	/* Start the ECO and do not check status since it is not needed for HFCLK */
 171:.\Generated_Source\PSoC4/cyfitter_cfg.c **** 	(void)CySysClkEcoStart(2000u);
 182              		.loc 1 171 0
 183 004e FA23     		mov	r3, #250
 184 0050 DB00     		lsl	r3, r3, #3
 185 0052 181C     		mov	r0, r3
 186 0054 FFF7FEFF 		bl	CySysClkEcoStart
 172:.\Generated_Source\PSoC4/cyfitter_cfg.c **** 	CyDelayUs(1500u); /* Wait to stabalize */
 187              		.loc 1 172 0
 188 0058 174B     		ldr	r3, .L5+36
 189 005a 181C     		mov	r0, r3
 190 005c FFF7FEFF 		bl	CyDelayUs
 173:.\Generated_Source\PSoC4/cyfitter_cfg.c **** 
 174:.\Generated_Source\PSoC4/cyfitter_cfg.c **** 	/* Setup phase aligned clocks */
 175:.\Generated_Source\PSoC4/cyfitter_cfg.c **** 	CY_SET_REG32((void *)CYREG_PERI_DIV_16_CTL0, 0x00000600u);
 191              		.loc 1 175 0
 192 0060 164B     		ldr	r3, .L5+40
 193 0062 C022     		mov	r2, #192
 194 0064 D200     		lsl	r2, r2, #3
 195 0066 1A60     		str	r2, [r3]
 176:.\Generated_Source\PSoC4/cyfitter_cfg.c **** 	CY_SET_REG32((void *)CYREG_PERI_DIV_CMD, 0x8000FF40u);
 196              		.loc 1 176 0
 197 0068 154B     		ldr	r3, .L5+44
 198 006a 164A     		ldr	r2, .L5+48
 199 006c 1A60     		str	r2, [r3]
 177:.\Generated_Source\PSoC4/cyfitter_cfg.c **** 
 178:.\Generated_Source\PSoC4/cyfitter_cfg.c **** 	/* CYDEV_CLK_IMO_CONFIG Starting address: CYDEV_CLK_IMO_CONFIG */
 179:.\Generated_Source\PSoC4/cyfitter_cfg.c **** 	CY_SET_XTND_REG32((void CYFAR *)(CYREG_CLK_IMO_CONFIG), 0x80000000u);
 200              		.loc 1 179 0
 201 006e 164B     		ldr	r3, .L5+52
 202 0070 8022     		mov	r2, #128
 203 0072 1206     		lsl	r2, r2, #24
 204 0074 1A60     		str	r2, [r3]
 180:.\Generated_Source\PSoC4/cyfitter_cfg.c **** 
 181:.\Generated_Source\PSoC4/cyfitter_cfg.c **** 	/* CYDEV_CLK_SELECT Starting address: CYDEV_CLK_SELECT */
 182:.\Generated_Source\PSoC4/cyfitter_cfg.c **** 	CY_SET_XTND_REG32((void CYFAR *)(CYREG_CLK_SELECT), 0x00000000u);
 205              		.loc 1 182 0
 206 0076 154B     		ldr	r3, .L5+56
 207 0078 0022     		mov	r2, #0
 208 007a 1A60     		str	r2, [r3]
 183:.\Generated_Source\PSoC4/cyfitter_cfg.c **** 
 184:.\Generated_Source\PSoC4/cyfitter_cfg.c **** 	/* CYDEV_PERI_PCLK_CTL1 Starting address: CYDEV_PERI_PCLK_CTL1 */
 185:.\Generated_Source\PSoC4/cyfitter_cfg.c **** 	CY_SET_XTND_REG32((void CYFAR *)(CYREG_PERI_PCLK_CTL1), 0x00000040u);
 209              		.loc 1 185 0
 210 007c 144B     		ldr	r3, .L5+60
 211 007e 4022     		mov	r2, #64
 212 0080 1A60     		str	r2, [r3]
 186:.\Generated_Source\PSoC4/cyfitter_cfg.c **** 
 187:.\Generated_Source\PSoC4/cyfitter_cfg.c **** 	CY_SET_XTND_REG32((void CYFAR *)(CYREG_WDT_CONFIG), 0x40000000u);
ARM GAS  C:\Users\Ecapable\AppData\Local\Temp\ccLgjlIY.s 			page 8


 213              		.loc 1 187 0
 214 0082 084B     		ldr	r3, .L5+16
 215 0084 8022     		mov	r2, #128
 216 0086 D205     		lsl	r2, r2, #23
 217 0088 1A60     		str	r2, [r3]
 188:.\Generated_Source\PSoC4/cyfitter_cfg.c **** 	/* Set Flash Cycles based on newly configured 12.00MHz HFCLK. */
 189:.\Generated_Source\PSoC4/cyfitter_cfg.c **** 	CY_SET_REG32((void CYXDATA *)(CYREG_CPUSS_FLASH_CTL), (0x0000u));
 218              		.loc 1 189 0
 219 008a 024B     		ldr	r3, .L5
 220 008c 0022     		mov	r2, #0
 221 008e 1A60     		str	r2, [r3]
 190:.\Generated_Source\PSoC4/cyfitter_cfg.c **** }
 222              		.loc 1 190 0
 223 0090 BD46     		mov	sp, r7
 224              		@ sp needed
 225 0092 80BD     		pop	{r7, pc}
 226              	.L6:
 227              		.align	2
 228              	.L5:
 229 0094 30001040 		.word	1074790448
 230 0098 001BB700 		.word	12000000
 231 009c 04010B40 		.word	1074462980
 232 00a0 06000080 		.word	-2147483642
 233 00a4 0C020B40 		.word	1074463244
 234 00a8 78002E40 		.word	1076756600
 235 00ac 7C002E40 		.word	1076756604
 236 00b0 2D3E0000 		.word	15917
 237 00b4 6CF02E40 		.word	1076818028
 238 00b8 DC050000 		.word	1500
 239 00bc 00030140 		.word	1073808128
 240 00c0 00000140 		.word	1073807360
 241 00c4 40FF0080 		.word	-2147418304
 242 00c8 08010B40 		.word	1074462984
 243 00cc 00010B40 		.word	1074462976
 244 00d0 04010140 		.word	1073807620
 245              		.cfi_endproc
 246              	.LFE5:
 247              		.size	ClockSetup, .-ClockSetup
 248              		.section	.text.AnalogSetDefault,"ax",%progbits
 249              		.align	2
 250              		.code	16
 251              		.thumb_func
 252              		.type	AnalogSetDefault, %function
 253              	AnalogSetDefault:
 254              	.LFB6:
 191:.\Generated_Source\PSoC4/cyfitter_cfg.c **** 
 192:.\Generated_Source\PSoC4/cyfitter_cfg.c **** 
 193:.\Generated_Source\PSoC4/cyfitter_cfg.c **** /* Analog API Functions */
 194:.\Generated_Source\PSoC4/cyfitter_cfg.c **** 
 195:.\Generated_Source\PSoC4/cyfitter_cfg.c **** 
 196:.\Generated_Source\PSoC4/cyfitter_cfg.c **** /*******************************************************************************
 197:.\Generated_Source\PSoC4/cyfitter_cfg.c **** * Function Name: AnalogSetDefault
 198:.\Generated_Source\PSoC4/cyfitter_cfg.c **** ********************************************************************************
 199:.\Generated_Source\PSoC4/cyfitter_cfg.c **** *
 200:.\Generated_Source\PSoC4/cyfitter_cfg.c **** * Summary:
 201:.\Generated_Source\PSoC4/cyfitter_cfg.c **** *  Sets up the analog portions of the chip to default values based on chip
 202:.\Generated_Source\PSoC4/cyfitter_cfg.c **** *  configuration options from the project.
ARM GAS  C:\Users\Ecapable\AppData\Local\Temp\ccLgjlIY.s 			page 9


 203:.\Generated_Source\PSoC4/cyfitter_cfg.c **** *
 204:.\Generated_Source\PSoC4/cyfitter_cfg.c **** * Parameters:
 205:.\Generated_Source\PSoC4/cyfitter_cfg.c **** *  void
 206:.\Generated_Source\PSoC4/cyfitter_cfg.c **** *
 207:.\Generated_Source\PSoC4/cyfitter_cfg.c **** * Return:
 208:.\Generated_Source\PSoC4/cyfitter_cfg.c **** *  void
 209:.\Generated_Source\PSoC4/cyfitter_cfg.c **** *
 210:.\Generated_Source\PSoC4/cyfitter_cfg.c **** *******************************************************************************/
 211:.\Generated_Source\PSoC4/cyfitter_cfg.c **** static void AnalogSetDefault(void);
 212:.\Generated_Source\PSoC4/cyfitter_cfg.c **** static void AnalogSetDefault(void)
 213:.\Generated_Source\PSoC4/cyfitter_cfg.c **** {
 255              		.loc 1 213 0
 256              		.cfi_startproc
 257 0000 80B5     		push	{r7, lr}
 258              		.cfi_def_cfa_offset 8
 259              		.cfi_offset 7, -8
 260              		.cfi_offset 14, -4
 261 0002 00AF     		add	r7, sp, #0
 262              		.cfi_def_cfa_register 7
 214:.\Generated_Source\PSoC4/cyfitter_cfg.c **** 	CY_SET_XTND_REG32((void CYFAR *)CYREG_CTBM0_DFT_CTRL, 0x00000003u);
 263              		.loc 1 214 0
 264 0004 054B     		ldr	r3, .L8
 265 0006 0322     		mov	r2, #3
 266 0008 1A60     		str	r2, [r3]
 215:.\Generated_Source\PSoC4/cyfitter_cfg.c **** 	CY_SET_XTND_REG32((void CYFAR *)CYREG_CTBM1_DFT_CTRL, 0x00000003u);
 267              		.loc 1 215 0
 268 000a 054B     		ldr	r3, .L8+4
 269 000c 0322     		mov	r2, #3
 270 000e 1A60     		str	r2, [r3]
 216:.\Generated_Source\PSoC4/cyfitter_cfg.c **** 	CY_SET_XTND_REG32((void CYFAR *)CYREG_PASS_DSAB_DSAB_CTRL, 0x00000000u);
 271              		.loc 1 216 0
 272 0010 044B     		ldr	r3, .L8+8
 273 0012 0022     		mov	r2, #0
 274 0014 1A60     		str	r2, [r3]
 217:.\Generated_Source\PSoC4/cyfitter_cfg.c **** }
 275              		.loc 1 217 0
 276 0016 BD46     		mov	sp, r7
 277              		@ sp needed
 278 0018 80BD     		pop	{r7, pc}
 279              	.L9:
 280 001a C046     		.align	2
 281              	.L8:
 282 001c 30003040 		.word	1076887600
 283 0020 30003140 		.word	1076953136
 284 0024 000E3F40 		.word	1077874176
 285              		.cfi_endproc
 286              	.LFE6:
 287              		.size	AnalogSetDefault, .-AnalogSetDefault
 288              		.section	.psocinit
 289              		.align	2
 290              		.global	cyfitter_cfg
 291              		.code	16
 292              		.thumb_func
 293              		.type	cyfitter_cfg, %function
 294              	cyfitter_cfg:
 295              	.LFB7:
 218:.\Generated_Source\PSoC4/cyfitter_cfg.c **** 
ARM GAS  C:\Users\Ecapable\AppData\Local\Temp\ccLgjlIY.s 			page 10


 219:.\Generated_Source\PSoC4/cyfitter_cfg.c **** #define CY_AMUX_UNUSED CYREG_CM0_ROM_DWT
 220:.\Generated_Source\PSoC4/cyfitter_cfg.c **** 
 221:.\Generated_Source\PSoC4/cyfitter_cfg.c **** 
 222:.\Generated_Source\PSoC4/cyfitter_cfg.c **** /*******************************************************************************
 223:.\Generated_Source\PSoC4/cyfitter_cfg.c **** * Function Name: cyfitter_cfg
 224:.\Generated_Source\PSoC4/cyfitter_cfg.c **** ********************************************************************************
 225:.\Generated_Source\PSoC4/cyfitter_cfg.c **** * Summary:
 226:.\Generated_Source\PSoC4/cyfitter_cfg.c **** *  This function is called by the start-up code for the selected device. It
 227:.\Generated_Source\PSoC4/cyfitter_cfg.c **** *  performs all of the necessary device configuration based on the design
 228:.\Generated_Source\PSoC4/cyfitter_cfg.c **** *  settings.  This includes settings from the Design Wide Resources (DWR) such
 229:.\Generated_Source\PSoC4/cyfitter_cfg.c **** *  as Clocks and Pins as well as any component configuration that is necessary.
 230:.\Generated_Source\PSoC4/cyfitter_cfg.c **** *
 231:.\Generated_Source\PSoC4/cyfitter_cfg.c **** * Parameters:  
 232:.\Generated_Source\PSoC4/cyfitter_cfg.c **** *   void
 233:.\Generated_Source\PSoC4/cyfitter_cfg.c **** *
 234:.\Generated_Source\PSoC4/cyfitter_cfg.c **** * Return:
 235:.\Generated_Source\PSoC4/cyfitter_cfg.c **** *   void
 236:.\Generated_Source\PSoC4/cyfitter_cfg.c **** *
 237:.\Generated_Source\PSoC4/cyfitter_cfg.c **** *******************************************************************************/
 238:.\Generated_Source\PSoC4/cyfitter_cfg.c **** CY_CFG_SECTION
 239:.\Generated_Source\PSoC4/cyfitter_cfg.c **** void cyfitter_cfg(void)
 240:.\Generated_Source\PSoC4/cyfitter_cfg.c **** {
 296              		.loc 1 240 0
 297              		.cfi_startproc
 298 00d4 80B5     		push	{r7, lr}
 299              		.cfi_def_cfa_offset 8
 300              		.cfi_offset 7, -8
 301              		.cfi_offset 14, -4
 302 00d6 82B0     		sub	sp, sp, #8
 303              		.cfi_def_cfa_offset 16
 304 00d8 00AF     		add	r7, sp, #0
 305              		.cfi_def_cfa_register 7
 241:.\Generated_Source\PSoC4/cyfitter_cfg.c **** 	/* Disable interrupts by default. Let user enable if/when they want. */
 242:.\Generated_Source\PSoC4/cyfitter_cfg.c **** 	CyGlobalIntDisable;
 306              		.loc 1 242 0
 307              	@ 242 ".\Generated_Source\PSoC4\cyfitter_cfg.c" 1
 308 00da 72B6     		CPSID   i
 309              	@ 0 "" 2
 243:.\Generated_Source\PSoC4/cyfitter_cfg.c **** 
 244:.\Generated_Source\PSoC4/cyfitter_cfg.c **** 	CY_SET_XTND_REG32((void CYFAR *)(CYREG_BLE_BLESS_LL_DSM_CTRL), 0x00000000u);
 310              		.loc 1 244 0
 311              		.code	16
 312 00dc 3C4B     		ldr	r3, .L13
 313 00de 0022     		mov	r2, #0
 314 00e0 1A60     		str	r2, [r3]
 315              	.LBB2:
 245:.\Generated_Source\PSoC4/cyfitter_cfg.c **** 
 246:.\Generated_Source\PSoC4/cyfitter_cfg.c **** 	{
 247:.\Generated_Source\PSoC4/cyfitter_cfg.c **** 
 248:.\Generated_Source\PSoC4/cyfitter_cfg.c **** 		CYPACKED typedef struct {
 249:.\Generated_Source\PSoC4/cyfitter_cfg.c **** 			void CYFAR *address;
 250:.\Generated_Source\PSoC4/cyfitter_cfg.c **** 			uint16 size;
 251:.\Generated_Source\PSoC4/cyfitter_cfg.c **** 		} CYPACKED_ATTR cfg_memset_t;
 252:.\Generated_Source\PSoC4/cyfitter_cfg.c **** 
 253:.\Generated_Source\PSoC4/cyfitter_cfg.c **** 		static const cfg_memset_t CYCODE cfg_memset_list [] = {
 254:.\Generated_Source\PSoC4/cyfitter_cfg.c **** 			/* address, size */
 255:.\Generated_Source\PSoC4/cyfitter_cfg.c **** 			{(void CYFAR *)(CYDEV_UDB_P0_U0_BASE), 1024u},
ARM GAS  C:\Users\Ecapable\AppData\Local\Temp\ccLgjlIY.s 			page 11


 256:.\Generated_Source\PSoC4/cyfitter_cfg.c **** 			{(void CYFAR *)(CYDEV_UDB_DSI0_BASE), 1024u},
 257:.\Generated_Source\PSoC4/cyfitter_cfg.c **** 		};
 258:.\Generated_Source\PSoC4/cyfitter_cfg.c **** 
 259:.\Generated_Source\PSoC4/cyfitter_cfg.c **** 		uint8 CYDATA i;
 260:.\Generated_Source\PSoC4/cyfitter_cfg.c **** 
 261:.\Generated_Source\PSoC4/cyfitter_cfg.c **** 		/* Zero out critical memory blocks before beginning configuration */
 262:.\Generated_Source\PSoC4/cyfitter_cfg.c **** 		for (i = 0u; i < (sizeof(cfg_memset_list)/sizeof(cfg_memset_list[0])); i++)
 316              		.loc 1 262 0
 317 00e2 FB1D     		add	r3, r7, #7
 318 00e4 0022     		mov	r2, #0
 319 00e6 1A70     		strb	r2, [r3]
 320 00e8 23E0     		b	.L11
 321              	.L12:
 322              	.LBB3:
 263:.\Generated_Source\PSoC4/cyfitter_cfg.c **** 		{
 264:.\Generated_Source\PSoC4/cyfitter_cfg.c **** 			const cfg_memset_t CYCODE * CYDATA ms = &cfg_memset_list[i];
 323              		.loc 1 264 0 discriminator 3
 324 00ea FB1D     		add	r3, r7, #7
 325 00ec 1A78     		ldrb	r2, [r3]
 326 00ee 131C     		mov	r3, r2
 327 00f0 5B00     		lsl	r3, r3, #1
 328 00f2 9B18     		add	r3, r3, r2
 329 00f4 5B00     		lsl	r3, r3, #1
 330 00f6 374A     		ldr	r2, .L13+4
 331 00f8 9B18     		add	r3, r3, r2
 332 00fa 3B60     		str	r3, [r7]
 265:.\Generated_Source\PSoC4/cyfitter_cfg.c **** 			CYMEMZERO(ms->address, (size_t)(uint32)(ms->size));
 333              		.loc 1 265 0 discriminator 3
 334 00fc 3B68     		ldr	r3, [r7]
 335 00fe 1A78     		ldrb	r2, [r3]
 336 0100 5978     		ldrb	r1, [r3, #1]
 337 0102 0902     		lsl	r1, r1, #8
 338 0104 0A43     		orr	r2, r1
 339 0106 9978     		ldrb	r1, [r3, #2]
 340 0108 0904     		lsl	r1, r1, #16
 341 010a 0A43     		orr	r2, r1
 342 010c DB78     		ldrb	r3, [r3, #3]
 343 010e 1B06     		lsl	r3, r3, #24
 344 0110 1343     		orr	r3, r2
 345 0112 191C     		mov	r1, r3
 346 0114 3B68     		ldr	r3, [r7]
 347 0116 1A79     		ldrb	r2, [r3, #4]
 348 0118 5B79     		ldrb	r3, [r3, #5]
 349 011a 1B02     		lsl	r3, r3, #8
 350 011c 1343     		orr	r3, r2
 351 011e 9BB2     		uxth	r3, r3
 352 0120 081C     		mov	r0, r1
 353 0122 191C     		mov	r1, r3
 354 0124 FFF7FEFF 		bl	CYMEMZERO
 355              	.LBE3:
 262:.\Generated_Source\PSoC4/cyfitter_cfg.c **** 		{
 356              		.loc 1 262 0 discriminator 3
 357 0128 FB1D     		add	r3, r7, #7
 358 012a 1A78     		ldrb	r2, [r3]
 359 012c FB1D     		add	r3, r7, #7
 360 012e 0132     		add	r2, r2, #1
 361 0130 1A70     		strb	r2, [r3]
ARM GAS  C:\Users\Ecapable\AppData\Local\Temp\ccLgjlIY.s 			page 12


 362              	.L11:
 262:.\Generated_Source\PSoC4/cyfitter_cfg.c **** 		{
 363              		.loc 1 262 0 is_stmt 0 discriminator 1
 364 0132 FB1D     		add	r3, r7, #7
 365 0134 1B78     		ldrb	r3, [r3]
 366 0136 012B     		cmp	r3, #1
 367 0138 D7D9     		bls	.L12
 266:.\Generated_Source\PSoC4/cyfitter_cfg.c **** 		}
 267:.\Generated_Source\PSoC4/cyfitter_cfg.c **** 
 268:.\Generated_Source\PSoC4/cyfitter_cfg.c **** 		/* HSIOM Starting address: CYDEV_HSIOM_BASE */
 269:.\Generated_Source\PSoC4/cyfitter_cfg.c **** 		CY_SET_XTND_REG32((void CYFAR *)(CYDEV_HSIOM_BASE), 0xEE000000u);
 368              		.loc 1 269 0 is_stmt 1
 369 013a 274B     		ldr	r3, .L13+8
 370 013c EE22     		mov	r2, #238
 371 013e 1206     		lsl	r2, r2, #24
 372 0140 1A60     		str	r2, [r3]
 270:.\Generated_Source\PSoC4/cyfitter_cfg.c **** 		CY_SET_XTND_REG32((void CYFAR *)(CYREG_HSIOM_PORT_SEL3), 0x000000EEu);
 373              		.loc 1 270 0
 374 0142 264B     		ldr	r3, .L13+12
 375 0144 EE22     		mov	r2, #238
 376 0146 1A60     		str	r2, [r3]
 271:.\Generated_Source\PSoC4/cyfitter_cfg.c **** 
 272:.\Generated_Source\PSoC4/cyfitter_cfg.c **** 		/* UDB_PA_0 Starting address: CYDEV_UDB_PA0_BASE */
 273:.\Generated_Source\PSoC4/cyfitter_cfg.c **** 		CY_SET_XTND_REG32((void CYFAR *)(CYDEV_UDB_PA0_BASE), 0x00990000u);
 377              		.loc 1 273 0
 378 0148 254B     		ldr	r3, .L13+16
 379 014a 9922     		mov	r2, #153
 380 014c 1204     		lsl	r2, r2, #16
 381 014e 1A60     		str	r2, [r3]
 274:.\Generated_Source\PSoC4/cyfitter_cfg.c **** 
 275:.\Generated_Source\PSoC4/cyfitter_cfg.c **** 		/* UDB_PA_2 Starting address: CYDEV_UDB_PA2_BASE */
 276:.\Generated_Source\PSoC4/cyfitter_cfg.c **** 		CY_SET_XTND_REG32((void CYFAR *)(CYDEV_UDB_PA2_BASE), 0x00990000u);
 382              		.loc 1 276 0
 383 0150 244B     		ldr	r3, .L13+20
 384 0152 9922     		mov	r2, #153
 385 0154 1204     		lsl	r2, r2, #16
 386 0156 1A60     		str	r2, [r3]
 277:.\Generated_Source\PSoC4/cyfitter_cfg.c **** 
 278:.\Generated_Source\PSoC4/cyfitter_cfg.c **** 		/* UDB_PA_3 Starting address: CYDEV_UDB_PA3_BASE */
 279:.\Generated_Source\PSoC4/cyfitter_cfg.c **** 		CY_SET_XTND_REG32((void CYFAR *)(CYDEV_UDB_PA3_BASE), 0x00990000u);
 387              		.loc 1 279 0
 388 0158 234B     		ldr	r3, .L13+24
 389 015a 9922     		mov	r2, #153
 390 015c 1204     		lsl	r2, r2, #16
 391 015e 1A60     		str	r2, [r3]
 280:.\Generated_Source\PSoC4/cyfitter_cfg.c **** 
 281:.\Generated_Source\PSoC4/cyfitter_cfg.c **** 		/* Enable digital routing */
 282:.\Generated_Source\PSoC4/cyfitter_cfg.c **** 		CY_SET_XTND_REG8((void *)CYREG_UDB_UDBIF_BANK_CTL, CY_GET_XTND_REG8((void *)CYREG_UDB_UDBIF_BANK_
 392              		.loc 1 282 0
 393 0160 224A     		ldr	r2, .L13+28
 394 0162 224B     		ldr	r3, .L13+28
 395 0164 1B78     		ldrb	r3, [r3]
 396 0166 DBB2     		uxtb	r3, r3
 397 0168 0221     		mov	r1, #2
 398 016a 0B43     		orr	r3, r1
 399 016c DBB2     		uxtb	r3, r3
 400 016e 1370     		strb	r3, [r2]
ARM GAS  C:\Users\Ecapable\AppData\Local\Temp\ccLgjlIY.s 			page 13


 283:.\Generated_Source\PSoC4/cyfitter_cfg.c **** 
 284:.\Generated_Source\PSoC4/cyfitter_cfg.c **** 		/* Enable UDB array */
 285:.\Generated_Source\PSoC4/cyfitter_cfg.c **** 		CY_SET_XTND_REG8((void *)CYREG_UDB_UDBIF_WAIT_CFG, (uint8)((CY_GET_XTND_REG8((void *)CYREG_UDB_UD
 401              		.loc 1 285 0
 402 0170 1F4A     		ldr	r2, .L13+32
 403 0172 1F4B     		ldr	r3, .L13+32
 404 0174 1B78     		ldrb	r3, [r3]
 405 0176 DBB2     		uxtb	r3, r3
 406 0178 3C21     		mov	r1, #60
 407 017a 8B43     		bic	r3, r1
 408 017c DBB2     		uxtb	r3, r3
 409 017e 1421     		mov	r1, #20
 410 0180 0B43     		orr	r3, r1
 411 0182 DBB2     		uxtb	r3, r3
 412 0184 1370     		strb	r3, [r2]
 286:.\Generated_Source\PSoC4/cyfitter_cfg.c **** 		CY_SET_XTND_REG8((void *)CYREG_UDB_UDBIF_BANK_CTL, (uint8)(CY_GET_XTND_REG8((void *)CYREG_UDB_UDB
 413              		.loc 1 286 0
 414 0186 194A     		ldr	r2, .L13+28
 415 0188 184B     		ldr	r3, .L13+28
 416 018a 1B78     		ldrb	r3, [r3]
 417 018c DBB2     		uxtb	r3, r3
 418 018e 1621     		mov	r1, #22
 419 0190 0B43     		orr	r3, r1
 420 0192 DBB2     		uxtb	r3, r3
 421 0194 1370     		strb	r3, [r2]
 422              	.LBE2:
 287:.\Generated_Source\PSoC4/cyfitter_cfg.c **** 	}
 288:.\Generated_Source\PSoC4/cyfitter_cfg.c **** 
 289:.\Generated_Source\PSoC4/cyfitter_cfg.c **** 	/* Perform second pass device configuration. These items must be configured in specific order afte
 290:.\Generated_Source\PSoC4/cyfitter_cfg.c **** 	/* IOPINS0_0 Starting address: CYDEV_GPIO_PRT0_BASE */
 291:.\Generated_Source\PSoC4/cyfitter_cfg.c **** 	CY_SET_XTND_REG32((void CYFAR *)(CYREG_GPIO_PRT0_PC), 0x00D80000u);
 423              		.loc 1 291 0
 424 0196 174B     		ldr	r3, .L13+36
 425 0198 D822     		mov	r2, #216
 426 019a 1204     		lsl	r2, r2, #16
 427 019c 1A60     		str	r2, [r3]
 292:.\Generated_Source\PSoC4/cyfitter_cfg.c **** 
 293:.\Generated_Source\PSoC4/cyfitter_cfg.c **** 	/* IOPINS0_2 Starting address: CYDEV_GPIO_PRT2_BASE */
 294:.\Generated_Source\PSoC4/cyfitter_cfg.c **** 	CY_SET_XTND_REG32((void CYFAR *)(CYDEV_GPIO_PRT2_BASE), 0x00000080u);
 428              		.loc 1 294 0
 429 019e 164B     		ldr	r3, .L13+40
 430 01a0 8022     		mov	r2, #128
 431 01a2 1A60     		str	r2, [r3]
 295:.\Generated_Source\PSoC4/cyfitter_cfg.c **** 	CY_SET_XTND_REG32((void CYFAR *)(CYREG_GPIO_PRT2_PC), 0x00400000u);
 432              		.loc 1 295 0
 433 01a4 154B     		ldr	r3, .L13+44
 434 01a6 8022     		mov	r2, #128
 435 01a8 D203     		lsl	r2, r2, #15
 436 01aa 1A60     		str	r2, [r3]
 296:.\Generated_Source\PSoC4/cyfitter_cfg.c **** 	CY_SET_XTND_REG32((void CYFAR *)(CYREG_GPIO_PRT2_INTR_CFG), 0x00004000u);
 437              		.loc 1 296 0
 438 01ac 144B     		ldr	r3, .L13+48
 439 01ae 8022     		mov	r2, #128
 440 01b0 D201     		lsl	r2, r2, #7
 441 01b2 1A60     		str	r2, [r3]
 297:.\Generated_Source\PSoC4/cyfitter_cfg.c **** 
 298:.\Generated_Source\PSoC4/cyfitter_cfg.c **** 	/* IOPINS0_3 Starting address: CYDEV_GPIO_PRT3_BASE */
ARM GAS  C:\Users\Ecapable\AppData\Local\Temp\ccLgjlIY.s 			page 14


 299:.\Generated_Source\PSoC4/cyfitter_cfg.c **** 	CY_SET_XTND_REG32((void CYFAR *)(CYDEV_GPIO_PRT3_BASE), 0x00000003u);
 442              		.loc 1 299 0
 443 01b4 134B     		ldr	r3, .L13+52
 444 01b6 0322     		mov	r2, #3
 445 01b8 1A60     		str	r2, [r3]
 300:.\Generated_Source\PSoC4/cyfitter_cfg.c **** 	CY_SET_XTND_REG32((void CYFAR *)(CYREG_GPIO_PRT3_PC), 0x02000024u);
 446              		.loc 1 300 0
 447 01ba 134B     		ldr	r3, .L13+56
 448 01bc 134A     		ldr	r2, .L13+60
 449 01be 1A60     		str	r2, [r3]
 301:.\Generated_Source\PSoC4/cyfitter_cfg.c **** 
 302:.\Generated_Source\PSoC4/cyfitter_cfg.c **** 
 303:.\Generated_Source\PSoC4/cyfitter_cfg.c **** 	/* Setup clocks based on selections from Clock DWR */
 304:.\Generated_Source\PSoC4/cyfitter_cfg.c **** 	ClockSetup();
 450              		.loc 1 304 0
 451 01c0 FFF71EFF 		bl	ClockSetup
 305:.\Generated_Source\PSoC4/cyfitter_cfg.c **** 
 306:.\Generated_Source\PSoC4/cyfitter_cfg.c **** 	/* Perform basic analog initialization to defaults */
 307:.\Generated_Source\PSoC4/cyfitter_cfg.c **** 	AnalogSetDefault();
 452              		.loc 1 307 0
 453 01c4 FFF7FEFF 		bl	AnalogSetDefault
 308:.\Generated_Source\PSoC4/cyfitter_cfg.c **** 
 309:.\Generated_Source\PSoC4/cyfitter_cfg.c **** }
 454              		.loc 1 309 0
 455 01c8 BD46     		mov	sp, r7
 456 01ca 02B0     		add	sp, sp, #8
 457              		@ sp needed
 458 01cc 80BD     		pop	{r7, pc}
 459              	.L14:
 460 01ce C046     		.align	2
 461              	.L13:
 462 01d0 6CF02E40 		.word	1076818028
 463 01d4 00000000 		.word	cfg_memset_list.4758
 464 01d8 00000240 		.word	1073872896
 465 01dc 00030240 		.word	1073873664
 466 01e0 00500F40 		.word	1074745344
 467 01e4 20500F40 		.word	1074745376
 468 01e8 30500F40 		.word	1074745392
 469 01ec 00700F40 		.word	1074753536
 470 01f0 01700F40 		.word	1074753537
 471 01f4 08000440 		.word	1074003976
 472 01f8 00020440 		.word	1074004480
 473 01fc 08020440 		.word	1074004488
 474 0200 0C020440 		.word	1074004492
 475 0204 00030440 		.word	1074004736
 476 0208 08030440 		.word	1074004744
 477 020c 24000002 		.word	33554468
 478              		.cfi_endproc
 479              	.LFE7:
 480              		.size	cyfitter_cfg, .-cyfitter_cfg
 481              		.section	.rodata
 482              		.align	2
 483              		.type	cfg_memset_list.4758, %object
 484              		.size	cfg_memset_list.4758, 12
 485              	cfg_memset_list.4758:
 486 0000 00300F40 		.word	1074737152
 487 0004 0004     		.short	1024
ARM GAS  C:\Users\Ecapable\AppData\Local\Temp\ccLgjlIY.s 			page 15


 488 0006 00400F40 		.4byte	1074741248
 489 000a 0004     		.short	1024
 490              		.text
 491              	.Letext0:
 492              		.file 2 "c:\\program files (x86)\\cypress\\psoc creator\\3.3\\psoc creator\\import\\gnu\\arm\\4.9.
 493              		.file 3 ".\\Generated_Source\\PSoC4\\cytypes.h"
 494              		.section	.debug_info,"",%progbits
 495              	.Ldebug_info0:
 496 0000 48020000 		.4byte	0x248
 497 0004 0400     		.2byte	0x4
 498 0006 00000000 		.4byte	.Ldebug_abbrev0
 499 000a 04       		.byte	0x4
 500 000b 01       		.uleb128 0x1
 501 000c FB000000 		.4byte	.LASF29
 502 0010 01       		.byte	0x1
 503 0011 D0010000 		.4byte	.LASF30
 504 0015 91000000 		.4byte	.LASF31
 505 0019 00000000 		.4byte	.Ldebug_ranges0+0
 506 001d 00000000 		.4byte	0
 507 0021 00000000 		.4byte	.Ldebug_line0
 508 0025 02       		.uleb128 0x2
 509 0026 04       		.byte	0x4
 510 0027 05       		.byte	0x5
 511 0028 696E7400 		.ascii	"int\000"
 512 002c 03       		.uleb128 0x3
 513 002d 06000000 		.4byte	.LASF11
 514 0031 02       		.byte	0x2
 515 0032 D4       		.byte	0xd4
 516 0033 37000000 		.4byte	0x37
 517 0037 04       		.uleb128 0x4
 518 0038 04       		.byte	0x4
 519 0039 07       		.byte	0x7
 520 003a 97010000 		.4byte	.LASF0
 521 003e 04       		.uleb128 0x4
 522 003f 01       		.byte	0x1
 523 0040 06       		.byte	0x6
 524 0041 27020000 		.4byte	.LASF1
 525 0045 04       		.uleb128 0x4
 526 0046 01       		.byte	0x1
 527 0047 08       		.byte	0x8
 528 0048 83000000 		.4byte	.LASF2
 529 004c 04       		.uleb128 0x4
 530 004d 02       		.byte	0x2
 531 004e 05       		.byte	0x5
 532 004f 14020000 		.4byte	.LASF3
 533 0053 04       		.uleb128 0x4
 534 0054 02       		.byte	0x2
 535 0055 07       		.byte	0x7
 536 0056 39000000 		.4byte	.LASF4
 537 005a 04       		.uleb128 0x4
 538 005b 04       		.byte	0x4
 539 005c 05       		.byte	0x5
 540 005d 1E020000 		.4byte	.LASF5
 541 0061 04       		.uleb128 0x4
 542 0062 04       		.byte	0x4
 543 0063 07       		.byte	0x7
 544 0064 61000000 		.4byte	.LASF6
ARM GAS  C:\Users\Ecapable\AppData\Local\Temp\ccLgjlIY.s 			page 16


 545 0068 04       		.uleb128 0x4
 546 0069 08       		.byte	0x8
 547 006a 05       		.byte	0x5
 548 006b 01020000 		.4byte	.LASF7
 549 006f 04       		.uleb128 0x4
 550 0070 08       		.byte	0x8
 551 0071 07       		.byte	0x7
 552 0072 AC010000 		.4byte	.LASF8
 553 0076 04       		.uleb128 0x4
 554 0077 04       		.byte	0x4
 555 0078 07       		.byte	0x7
 556 0079 F8010000 		.4byte	.LASF9
 557 007d 05       		.uleb128 0x5
 558 007e 04       		.byte	0x4
 559 007f 04       		.uleb128 0x4
 560 0080 01       		.byte	0x1
 561 0081 08       		.byte	0x8
 562 0082 0F020000 		.4byte	.LASF10
 563 0086 06       		.uleb128 0x6
 564 0087 73000000 		.4byte	.LASF12
 565 008b 03       		.byte	0x3
 566 008c 9801     		.2byte	0x198
 567 008e 45000000 		.4byte	0x45
 568 0092 06       		.uleb128 0x6
 569 0093 89010000 		.4byte	.LASF13
 570 0097 03       		.byte	0x3
 571 0098 9901     		.2byte	0x199
 572 009a 53000000 		.4byte	0x53
 573 009e 06       		.uleb128 0x6
 574 009f 90010000 		.4byte	.LASF14
 575 00a3 03       		.byte	0x3
 576 00a4 9A01     		.2byte	0x19a
 577 00a6 61000000 		.4byte	0x61
 578 00aa 04       		.uleb128 0x4
 579 00ab 04       		.byte	0x4
 580 00ac 04       		.byte	0x4
 581 00ad 4C000000 		.4byte	.LASF15
 582 00b1 04       		.uleb128 0x4
 583 00b2 08       		.byte	0x8
 584 00b3 04       		.byte	0x4
 585 00b4 E7000000 		.4byte	.LASF16
 586 00b8 06       		.uleb128 0x6
 587 00b9 5C000000 		.4byte	.LASF17
 588 00bd 03       		.byte	0x3
 589 00be 4202     		.2byte	0x242
 590 00c0 C4000000 		.4byte	0xc4
 591 00c4 07       		.uleb128 0x7
 592 00c5 86000000 		.4byte	0x86
 593 00c9 06       		.uleb128 0x6
 594 00ca 00000000 		.4byte	.LASF18
 595 00ce 03       		.byte	0x3
 596 00cf 4402     		.2byte	0x244
 597 00d1 D5000000 		.4byte	0xd5
 598 00d5 07       		.uleb128 0x7
 599 00d6 9E000000 		.4byte	0x9e
 600 00da 08       		.uleb128 0x8
 601 00db 79000000 		.4byte	.LASF19
ARM GAS  C:\Users\Ecapable\AppData\Local\Temp\ccLgjlIY.s 			page 17


 602 00df 01       		.byte	0x1
 603 00e0 3C       		.byte	0x3c
 604 00e1 00000000 		.4byte	.LFB2
 605 00e5 1E000000 		.4byte	.LFE2-.LFB2
 606 00e9 01       		.uleb128 0x1
 607 00ea 9C       		.byte	0x9c
 608 00eb 08010000 		.4byte	0x108
 609 00ef 09       		.uleb128 0x9
 610 00f0 7300     		.ascii	"s\000"
 611 00f2 01       		.byte	0x1
 612 00f3 3C       		.byte	0x3c
 613 00f4 7D000000 		.4byte	0x7d
 614 00f8 02       		.uleb128 0x2
 615 00f9 91       		.byte	0x91
 616 00fa 74       		.sleb128 -12
 617 00fb 09       		.uleb128 0x9
 618 00fc 6E00     		.ascii	"n\000"
 619 00fe 01       		.byte	0x1
 620 00ff 3C       		.byte	0x3c
 621 0100 2C000000 		.4byte	0x2c
 622 0104 02       		.uleb128 0x2
 623 0105 91       		.byte	0x91
 624 0106 70       		.sleb128 -16
 625 0107 00       		.byte	0
 626 0108 08       		.uleb128 0x8
 627 0109 43020000 		.4byte	.LASF20
 628 010d 01       		.byte	0x1
 629 010e 43       		.byte	0x43
 630 010f 00000000 		.4byte	.LFB3
 631 0113 22000000 		.4byte	.LFE3-.LFB3
 632 0117 01       		.uleb128 0x1
 633 0118 9C       		.byte	0x9c
 634 0119 46010000 		.4byte	0x146
 635 011d 0A       		.uleb128 0xa
 636 011e 52000000 		.4byte	.LASF21
 637 0122 01       		.byte	0x1
 638 0123 43       		.byte	0x43
 639 0124 7D000000 		.4byte	0x7d
 640 0128 02       		.uleb128 0x2
 641 0129 91       		.byte	0x91
 642 012a 74       		.sleb128 -12
 643 012b 09       		.uleb128 0x9
 644 012c 73726300 		.ascii	"src\000"
 645 0130 01       		.byte	0x1
 646 0131 43       		.byte	0x43
 647 0132 46010000 		.4byte	0x146
 648 0136 02       		.uleb128 0x2
 649 0137 91       		.byte	0x91
 650 0138 70       		.sleb128 -16
 651 0139 09       		.uleb128 0x9
 652 013a 6E00     		.ascii	"n\000"
 653 013c 01       		.byte	0x1
 654 013d 43       		.byte	0x43
 655 013e 2C000000 		.4byte	0x2c
 656 0142 02       		.uleb128 0x2
 657 0143 91       		.byte	0x91
 658 0144 6C       		.sleb128 -20
ARM GAS  C:\Users\Ecapable\AppData\Local\Temp\ccLgjlIY.s 			page 18


 659 0145 00       		.byte	0
 660 0146 0B       		.uleb128 0xb
 661 0147 04       		.byte	0x4
 662 0148 4C010000 		.4byte	0x14c
 663 014c 0C       		.uleb128 0xc
 664 014d 08       		.uleb128 0x8
 665 014e 33020000 		.4byte	.LASF22
 666 0152 01       		.byte	0x1
 667 0153 4A       		.byte	0x4a
 668 0154 00000000 		.4byte	.LFB4
 669 0158 22000000 		.4byte	.LFE4-.LFB4
 670 015c 01       		.uleb128 0x1
 671 015d 9C       		.byte	0x9c
 672 015e 8B010000 		.4byte	0x18b
 673 0162 0A       		.uleb128 0xa
 674 0163 52000000 		.4byte	.LASF21
 675 0167 01       		.byte	0x1
 676 0168 4A       		.byte	0x4a
 677 0169 7D000000 		.4byte	0x7d
 678 016d 02       		.uleb128 0x2
 679 016e 91       		.byte	0x91
 680 016f 74       		.sleb128 -12
 681 0170 09       		.uleb128 0x9
 682 0171 73726300 		.ascii	"src\000"
 683 0175 01       		.byte	0x1
 684 0176 4A       		.byte	0x4a
 685 0177 46010000 		.4byte	0x146
 686 017b 02       		.uleb128 0x2
 687 017c 91       		.byte	0x91
 688 017d 70       		.sleb128 -16
 689 017e 09       		.uleb128 0x9
 690 017f 6E00     		.ascii	"n\000"
 691 0181 01       		.byte	0x1
 692 0182 4A       		.byte	0x4a
 693 0183 2C000000 		.4byte	0x2c
 694 0187 02       		.uleb128 0x2
 695 0188 91       		.byte	0x91
 696 0189 6C       		.sleb128 -20
 697 018a 00       		.byte	0
 698 018b 0D       		.uleb128 0xd
 699 018c 2E000000 		.4byte	.LASF23
 700 0190 01       		.byte	0x1
 701 0191 91       		.byte	0x91
 702 0192 00000000 		.4byte	.LFB5
 703 0196 D4000000 		.4byte	.LFE5-.LFB5
 704 019a 01       		.uleb128 0x1
 705 019b 9C       		.byte	0x9c
 706 019c 0E       		.uleb128 0xe
 707 019d 0D000000 		.4byte	.LASF24
 708 01a1 01       		.byte	0x1
 709 01a2 D4       		.byte	0xd4
 710 01a3 00000000 		.4byte	.LFB6
 711 01a7 28000000 		.4byte	.LFE6-.LFB6
 712 01ab 01       		.uleb128 0x1
 713 01ac 9C       		.byte	0x9c
 714 01ad 0F       		.uleb128 0xf
 715 01ae EE000000 		.4byte	.LASF32
ARM GAS  C:\Users\Ecapable\AppData\Local\Temp\ccLgjlIY.s 			page 19


 716 01b2 01       		.byte	0x1
 717 01b3 EF       		.byte	0xef
 718 01b4 D4000000 		.4byte	.LFB7
 719 01b8 3C010000 		.4byte	.LFE7-.LFB7
 720 01bc 01       		.uleb128 0x1
 721 01bd 9C       		.byte	0x9c
 722 01be 10       		.uleb128 0x10
 723 01bf E2000000 		.4byte	.LBB2
 724 01c3 B4000000 		.4byte	.LBE2-.LBB2
 725 01c7 11       		.uleb128 0x11
 726 01c8 06       		.byte	0x6
 727 01c9 01       		.byte	0x1
 728 01ca F8       		.byte	0xf8
 729 01cb E8010000 		.4byte	0x1e8
 730 01cf 12       		.uleb128 0x12
 731 01d0 A4010000 		.4byte	.LASF25
 732 01d4 01       		.byte	0x1
 733 01d5 F9       		.byte	0xf9
 734 01d6 7D000000 		.4byte	0x7d
 735 01da 00       		.byte	0
 736 01db 12       		.uleb128 0x12
 737 01dc 57000000 		.4byte	.LASF26
 738 01e0 01       		.byte	0x1
 739 01e1 FA       		.byte	0xfa
 740 01e2 92000000 		.4byte	0x92
 741 01e6 04       		.byte	0x4
 742 01e7 00       		.byte	0
 743 01e8 03       		.uleb128 0x3
 744 01e9 C3010000 		.4byte	.LASF27
 745 01ed 01       		.byte	0x1
 746 01ee FB       		.byte	0xfb
 747 01ef C7010000 		.4byte	0x1c7
 748 01f3 13       		.uleb128 0x13
 749 01f4 E8010000 		.4byte	0x1e8
 750 01f8 03020000 		.4byte	0x203
 751 01fc 14       		.uleb128 0x14
 752 01fd 76000000 		.4byte	0x76
 753 0201 01       		.byte	0x1
 754 0202 00       		.byte	0
 755 0203 15       		.uleb128 0x15
 756 0204 1E000000 		.4byte	.LASF28
 757 0208 01       		.byte	0x1
 758 0209 FD       		.byte	0xfd
 759 020a 14020000 		.4byte	0x214
 760 020e 05       		.uleb128 0x5
 761 020f 03       		.byte	0x3
 762 0210 00000000 		.4byte	cfg_memset_list.4758
 763 0214 16       		.uleb128 0x16
 764 0215 F3010000 		.4byte	0x1f3
 765 0219 17       		.uleb128 0x17
 766 021a 6900     		.ascii	"i\000"
 767 021c 01       		.byte	0x1
 768 021d 0301     		.2byte	0x103
 769 021f 86000000 		.4byte	0x86
 770 0223 02       		.uleb128 0x2
 771 0224 91       		.byte	0x91
 772 0225 77       		.sleb128 -9
ARM GAS  C:\Users\Ecapable\AppData\Local\Temp\ccLgjlIY.s 			page 20


 773 0226 10       		.uleb128 0x10
 774 0227 EA000000 		.4byte	.LBB3
 775 022b 3E000000 		.4byte	.LBE3-.LBB3
 776 022f 17       		.uleb128 0x17
 777 0230 6D7300   		.ascii	"ms\000"
 778 0233 01       		.byte	0x1
 779 0234 0801     		.2byte	0x108
 780 0236 3D020000 		.4byte	0x23d
 781 023a 02       		.uleb128 0x2
 782 023b 91       		.byte	0x91
 783 023c 70       		.sleb128 -16
 784 023d 0B       		.uleb128 0xb
 785 023e 04       		.byte	0x4
 786 023f 43020000 		.4byte	0x243
 787 0243 16       		.uleb128 0x16
 788 0244 E8010000 		.4byte	0x1e8
 789 0248 00       		.byte	0
 790 0249 00       		.byte	0
 791 024a 00       		.byte	0
 792 024b 00       		.byte	0
 793              		.section	.debug_abbrev,"",%progbits
 794              	.Ldebug_abbrev0:
 795 0000 01       		.uleb128 0x1
 796 0001 11       		.uleb128 0x11
 797 0002 01       		.byte	0x1
 798 0003 25       		.uleb128 0x25
 799 0004 0E       		.uleb128 0xe
 800 0005 13       		.uleb128 0x13
 801 0006 0B       		.uleb128 0xb
 802 0007 03       		.uleb128 0x3
 803 0008 0E       		.uleb128 0xe
 804 0009 1B       		.uleb128 0x1b
 805 000a 0E       		.uleb128 0xe
 806 000b 55       		.uleb128 0x55
 807 000c 17       		.uleb128 0x17
 808 000d 11       		.uleb128 0x11
 809 000e 01       		.uleb128 0x1
 810 000f 10       		.uleb128 0x10
 811 0010 17       		.uleb128 0x17
 812 0011 00       		.byte	0
 813 0012 00       		.byte	0
 814 0013 02       		.uleb128 0x2
 815 0014 24       		.uleb128 0x24
 816 0015 00       		.byte	0
 817 0016 0B       		.uleb128 0xb
 818 0017 0B       		.uleb128 0xb
 819 0018 3E       		.uleb128 0x3e
 820 0019 0B       		.uleb128 0xb
 821 001a 03       		.uleb128 0x3
 822 001b 08       		.uleb128 0x8
 823 001c 00       		.byte	0
 824 001d 00       		.byte	0
 825 001e 03       		.uleb128 0x3
 826 001f 16       		.uleb128 0x16
 827 0020 00       		.byte	0
 828 0021 03       		.uleb128 0x3
 829 0022 0E       		.uleb128 0xe
ARM GAS  C:\Users\Ecapable\AppData\Local\Temp\ccLgjlIY.s 			page 21


 830 0023 3A       		.uleb128 0x3a
 831 0024 0B       		.uleb128 0xb
 832 0025 3B       		.uleb128 0x3b
 833 0026 0B       		.uleb128 0xb
 834 0027 49       		.uleb128 0x49
 835 0028 13       		.uleb128 0x13
 836 0029 00       		.byte	0
 837 002a 00       		.byte	0
 838 002b 04       		.uleb128 0x4
 839 002c 24       		.uleb128 0x24
 840 002d 00       		.byte	0
 841 002e 0B       		.uleb128 0xb
 842 002f 0B       		.uleb128 0xb
 843 0030 3E       		.uleb128 0x3e
 844 0031 0B       		.uleb128 0xb
 845 0032 03       		.uleb128 0x3
 846 0033 0E       		.uleb128 0xe
 847 0034 00       		.byte	0
 848 0035 00       		.byte	0
 849 0036 05       		.uleb128 0x5
 850 0037 0F       		.uleb128 0xf
 851 0038 00       		.byte	0
 852 0039 0B       		.uleb128 0xb
 853 003a 0B       		.uleb128 0xb
 854 003b 00       		.byte	0
 855 003c 00       		.byte	0
 856 003d 06       		.uleb128 0x6
 857 003e 16       		.uleb128 0x16
 858 003f 00       		.byte	0
 859 0040 03       		.uleb128 0x3
 860 0041 0E       		.uleb128 0xe
 861 0042 3A       		.uleb128 0x3a
 862 0043 0B       		.uleb128 0xb
 863 0044 3B       		.uleb128 0x3b
 864 0045 05       		.uleb128 0x5
 865 0046 49       		.uleb128 0x49
 866 0047 13       		.uleb128 0x13
 867 0048 00       		.byte	0
 868 0049 00       		.byte	0
 869 004a 07       		.uleb128 0x7
 870 004b 35       		.uleb128 0x35
 871 004c 00       		.byte	0
 872 004d 49       		.uleb128 0x49
 873 004e 13       		.uleb128 0x13
 874 004f 00       		.byte	0
 875 0050 00       		.byte	0
 876 0051 08       		.uleb128 0x8
 877 0052 2E       		.uleb128 0x2e
 878 0053 01       		.byte	0x1
 879 0054 03       		.uleb128 0x3
 880 0055 0E       		.uleb128 0xe
 881 0056 3A       		.uleb128 0x3a
 882 0057 0B       		.uleb128 0xb
 883 0058 3B       		.uleb128 0x3b
 884 0059 0B       		.uleb128 0xb
 885 005a 27       		.uleb128 0x27
 886 005b 19       		.uleb128 0x19
ARM GAS  C:\Users\Ecapable\AppData\Local\Temp\ccLgjlIY.s 			page 22


 887 005c 11       		.uleb128 0x11
 888 005d 01       		.uleb128 0x1
 889 005e 12       		.uleb128 0x12
 890 005f 06       		.uleb128 0x6
 891 0060 40       		.uleb128 0x40
 892 0061 18       		.uleb128 0x18
 893 0062 9642     		.uleb128 0x2116
 894 0064 19       		.uleb128 0x19
 895 0065 01       		.uleb128 0x1
 896 0066 13       		.uleb128 0x13
 897 0067 00       		.byte	0
 898 0068 00       		.byte	0
 899 0069 09       		.uleb128 0x9
 900 006a 05       		.uleb128 0x5
 901 006b 00       		.byte	0
 902 006c 03       		.uleb128 0x3
 903 006d 08       		.uleb128 0x8
 904 006e 3A       		.uleb128 0x3a
 905 006f 0B       		.uleb128 0xb
 906 0070 3B       		.uleb128 0x3b
 907 0071 0B       		.uleb128 0xb
 908 0072 49       		.uleb128 0x49
 909 0073 13       		.uleb128 0x13
 910 0074 02       		.uleb128 0x2
 911 0075 18       		.uleb128 0x18
 912 0076 00       		.byte	0
 913 0077 00       		.byte	0
 914 0078 0A       		.uleb128 0xa
 915 0079 05       		.uleb128 0x5
 916 007a 00       		.byte	0
 917 007b 03       		.uleb128 0x3
 918 007c 0E       		.uleb128 0xe
 919 007d 3A       		.uleb128 0x3a
 920 007e 0B       		.uleb128 0xb
 921 007f 3B       		.uleb128 0x3b
 922 0080 0B       		.uleb128 0xb
 923 0081 49       		.uleb128 0x49
 924 0082 13       		.uleb128 0x13
 925 0083 02       		.uleb128 0x2
 926 0084 18       		.uleb128 0x18
 927 0085 00       		.byte	0
 928 0086 00       		.byte	0
 929 0087 0B       		.uleb128 0xb
 930 0088 0F       		.uleb128 0xf
 931 0089 00       		.byte	0
 932 008a 0B       		.uleb128 0xb
 933 008b 0B       		.uleb128 0xb
 934 008c 49       		.uleb128 0x49
 935 008d 13       		.uleb128 0x13
 936 008e 00       		.byte	0
 937 008f 00       		.byte	0
 938 0090 0C       		.uleb128 0xc
 939 0091 26       		.uleb128 0x26
 940 0092 00       		.byte	0
 941 0093 00       		.byte	0
 942 0094 00       		.byte	0
 943 0095 0D       		.uleb128 0xd
ARM GAS  C:\Users\Ecapable\AppData\Local\Temp\ccLgjlIY.s 			page 23


 944 0096 2E       		.uleb128 0x2e
 945 0097 00       		.byte	0
 946 0098 03       		.uleb128 0x3
 947 0099 0E       		.uleb128 0xe
 948 009a 3A       		.uleb128 0x3a
 949 009b 0B       		.uleb128 0xb
 950 009c 3B       		.uleb128 0x3b
 951 009d 0B       		.uleb128 0xb
 952 009e 27       		.uleb128 0x27
 953 009f 19       		.uleb128 0x19
 954 00a0 11       		.uleb128 0x11
 955 00a1 01       		.uleb128 0x1
 956 00a2 12       		.uleb128 0x12
 957 00a3 06       		.uleb128 0x6
 958 00a4 40       		.uleb128 0x40
 959 00a5 18       		.uleb128 0x18
 960 00a6 9642     		.uleb128 0x2116
 961 00a8 19       		.uleb128 0x19
 962 00a9 00       		.byte	0
 963 00aa 00       		.byte	0
 964 00ab 0E       		.uleb128 0xe
 965 00ac 2E       		.uleb128 0x2e
 966 00ad 00       		.byte	0
 967 00ae 03       		.uleb128 0x3
 968 00af 0E       		.uleb128 0xe
 969 00b0 3A       		.uleb128 0x3a
 970 00b1 0B       		.uleb128 0xb
 971 00b2 3B       		.uleb128 0x3b
 972 00b3 0B       		.uleb128 0xb
 973 00b4 27       		.uleb128 0x27
 974 00b5 19       		.uleb128 0x19
 975 00b6 11       		.uleb128 0x11
 976 00b7 01       		.uleb128 0x1
 977 00b8 12       		.uleb128 0x12
 978 00b9 06       		.uleb128 0x6
 979 00ba 40       		.uleb128 0x40
 980 00bb 18       		.uleb128 0x18
 981 00bc 9742     		.uleb128 0x2117
 982 00be 19       		.uleb128 0x19
 983 00bf 00       		.byte	0
 984 00c0 00       		.byte	0
 985 00c1 0F       		.uleb128 0xf
 986 00c2 2E       		.uleb128 0x2e
 987 00c3 01       		.byte	0x1
 988 00c4 3F       		.uleb128 0x3f
 989 00c5 19       		.uleb128 0x19
 990 00c6 03       		.uleb128 0x3
 991 00c7 0E       		.uleb128 0xe
 992 00c8 3A       		.uleb128 0x3a
 993 00c9 0B       		.uleb128 0xb
 994 00ca 3B       		.uleb128 0x3b
 995 00cb 0B       		.uleb128 0xb
 996 00cc 27       		.uleb128 0x27
 997 00cd 19       		.uleb128 0x19
 998 00ce 11       		.uleb128 0x11
 999 00cf 01       		.uleb128 0x1
 1000 00d0 12       		.uleb128 0x12
ARM GAS  C:\Users\Ecapable\AppData\Local\Temp\ccLgjlIY.s 			page 24


 1001 00d1 06       		.uleb128 0x6
 1002 00d2 40       		.uleb128 0x40
 1003 00d3 18       		.uleb128 0x18
 1004 00d4 9642     		.uleb128 0x2116
 1005 00d6 19       		.uleb128 0x19
 1006 00d7 00       		.byte	0
 1007 00d8 00       		.byte	0
 1008 00d9 10       		.uleb128 0x10
 1009 00da 0B       		.uleb128 0xb
 1010 00db 01       		.byte	0x1
 1011 00dc 11       		.uleb128 0x11
 1012 00dd 01       		.uleb128 0x1
 1013 00de 12       		.uleb128 0x12
 1014 00df 06       		.uleb128 0x6
 1015 00e0 00       		.byte	0
 1016 00e1 00       		.byte	0
 1017 00e2 11       		.uleb128 0x11
 1018 00e3 13       		.uleb128 0x13
 1019 00e4 01       		.byte	0x1
 1020 00e5 0B       		.uleb128 0xb
 1021 00e6 0B       		.uleb128 0xb
 1022 00e7 3A       		.uleb128 0x3a
 1023 00e8 0B       		.uleb128 0xb
 1024 00e9 3B       		.uleb128 0x3b
 1025 00ea 0B       		.uleb128 0xb
 1026 00eb 01       		.uleb128 0x1
 1027 00ec 13       		.uleb128 0x13
 1028 00ed 00       		.byte	0
 1029 00ee 00       		.byte	0
 1030 00ef 12       		.uleb128 0x12
 1031 00f0 0D       		.uleb128 0xd
 1032 00f1 00       		.byte	0
 1033 00f2 03       		.uleb128 0x3
 1034 00f3 0E       		.uleb128 0xe
 1035 00f4 3A       		.uleb128 0x3a
 1036 00f5 0B       		.uleb128 0xb
 1037 00f6 3B       		.uleb128 0x3b
 1038 00f7 0B       		.uleb128 0xb
 1039 00f8 49       		.uleb128 0x49
 1040 00f9 13       		.uleb128 0x13
 1041 00fa 38       		.uleb128 0x38
 1042 00fb 0B       		.uleb128 0xb
 1043 00fc 00       		.byte	0
 1044 00fd 00       		.byte	0
 1045 00fe 13       		.uleb128 0x13
 1046 00ff 01       		.uleb128 0x1
 1047 0100 01       		.byte	0x1
 1048 0101 49       		.uleb128 0x49
 1049 0102 13       		.uleb128 0x13
 1050 0103 01       		.uleb128 0x1
 1051 0104 13       		.uleb128 0x13
 1052 0105 00       		.byte	0
 1053 0106 00       		.byte	0
 1054 0107 14       		.uleb128 0x14
 1055 0108 21       		.uleb128 0x21
 1056 0109 00       		.byte	0
 1057 010a 49       		.uleb128 0x49
ARM GAS  C:\Users\Ecapable\AppData\Local\Temp\ccLgjlIY.s 			page 25


 1058 010b 13       		.uleb128 0x13
 1059 010c 2F       		.uleb128 0x2f
 1060 010d 0B       		.uleb128 0xb
 1061 010e 00       		.byte	0
 1062 010f 00       		.byte	0
 1063 0110 15       		.uleb128 0x15
 1064 0111 34       		.uleb128 0x34
 1065 0112 00       		.byte	0
 1066 0113 03       		.uleb128 0x3
 1067 0114 0E       		.uleb128 0xe
 1068 0115 3A       		.uleb128 0x3a
 1069 0116 0B       		.uleb128 0xb
 1070 0117 3B       		.uleb128 0x3b
 1071 0118 0B       		.uleb128 0xb
 1072 0119 49       		.uleb128 0x49
 1073 011a 13       		.uleb128 0x13
 1074 011b 02       		.uleb128 0x2
 1075 011c 18       		.uleb128 0x18
 1076 011d 00       		.byte	0
 1077 011e 00       		.byte	0
 1078 011f 16       		.uleb128 0x16
 1079 0120 26       		.uleb128 0x26
 1080 0121 00       		.byte	0
 1081 0122 49       		.uleb128 0x49
 1082 0123 13       		.uleb128 0x13
 1083 0124 00       		.byte	0
 1084 0125 00       		.byte	0
 1085 0126 17       		.uleb128 0x17
 1086 0127 34       		.uleb128 0x34
 1087 0128 00       		.byte	0
 1088 0129 03       		.uleb128 0x3
 1089 012a 08       		.uleb128 0x8
 1090 012b 3A       		.uleb128 0x3a
 1091 012c 0B       		.uleb128 0xb
 1092 012d 3B       		.uleb128 0x3b
 1093 012e 05       		.uleb128 0x5
 1094 012f 49       		.uleb128 0x49
 1095 0130 13       		.uleb128 0x13
 1096 0131 02       		.uleb128 0x2
 1097 0132 18       		.uleb128 0x18
 1098 0133 00       		.byte	0
 1099 0134 00       		.byte	0
 1100 0135 00       		.byte	0
 1101              		.section	.debug_aranges,"",%progbits
 1102 0000 44000000 		.4byte	0x44
 1103 0004 0200     		.2byte	0x2
 1104 0006 00000000 		.4byte	.Ldebug_info0
 1105 000a 04       		.byte	0x4
 1106 000b 00       		.byte	0
 1107 000c 0000     		.2byte	0
 1108 000e 0000     		.2byte	0
 1109 0010 00000000 		.4byte	.LFB2
 1110 0014 1E000000 		.4byte	.LFE2-.LFB2
 1111 0018 00000000 		.4byte	.LFB3
 1112 001c 22000000 		.4byte	.LFE3-.LFB3
 1113 0020 00000000 		.4byte	.LFB4
 1114 0024 22000000 		.4byte	.LFE4-.LFB4
ARM GAS  C:\Users\Ecapable\AppData\Local\Temp\ccLgjlIY.s 			page 26


 1115 0028 00000000 		.4byte	.LFB5
 1116 002c D4000000 		.4byte	.LFE5-.LFB5
 1117 0030 00000000 		.4byte	.LFB6
 1118 0034 28000000 		.4byte	.LFE6-.LFB6
 1119 0038 D4000000 		.4byte	.LFB7
 1120 003c 3C010000 		.4byte	.LFE7-.LFB7
 1121 0040 00000000 		.4byte	0
 1122 0044 00000000 		.4byte	0
 1123              		.section	.debug_ranges,"",%progbits
 1124              	.Ldebug_ranges0:
 1125 0000 00000000 		.4byte	.LFB2
 1126 0004 1E000000 		.4byte	.LFE2
 1127 0008 00000000 		.4byte	.LFB3
 1128 000c 22000000 		.4byte	.LFE3
 1129 0010 00000000 		.4byte	.LFB4
 1130 0014 22000000 		.4byte	.LFE4
 1131 0018 00000000 		.4byte	.LFB5
 1132 001c D4000000 		.4byte	.LFE5
 1133 0020 00000000 		.4byte	.LFB6
 1134 0024 28000000 		.4byte	.LFE6
 1135 0028 D4000000 		.4byte	.LFB7
 1136 002c 10020000 		.4byte	.LFE7
 1137 0030 00000000 		.4byte	0
 1138 0034 00000000 		.4byte	0
 1139              		.section	.debug_line,"",%progbits
 1140              	.Ldebug_line0:
 1141 0000 72010000 		.section	.debug_str,"MS",%progbits,1
 1141      0200CD00 
 1141      00000201 
 1141      FB0E0D00 
 1141      01010101 
 1142              	.LASF18:
 1143 0000 72656733 		.ascii	"reg32\000"
 1143      3200
 1144              	.LASF11:
 1145 0006 73697A65 		.ascii	"size_t\000"
 1145      5F7400
 1146              	.LASF24:
 1147 000d 416E616C 		.ascii	"AnalogSetDefault\000"
 1147      6F675365 
 1147      74446566 
 1147      61756C74 
 1147      00
 1148              	.LASF28:
 1149 001e 6366675F 		.ascii	"cfg_memset_list\000"
 1149      6D656D73 
 1149      65745F6C 
 1149      69737400 
 1150              	.LASF23:
 1151 002e 436C6F63 		.ascii	"ClockSetup\000"
 1151      6B536574 
 1151      757000
 1152              	.LASF4:
 1153 0039 73686F72 		.ascii	"short unsigned int\000"
 1153      7420756E 
 1153      7369676E 
 1153      65642069 
ARM GAS  C:\Users\Ecapable\AppData\Local\Temp\ccLgjlIY.s 			page 27


 1153      6E7400
 1154              	.LASF15:
 1155 004c 666C6F61 		.ascii	"float\000"
 1155      7400
 1156              	.LASF21:
 1157 0052 64657374 		.ascii	"dest\000"
 1157      00
 1158              	.LASF26:
 1159 0057 73697A65 		.ascii	"size\000"
 1159      00
 1160              	.LASF17:
 1161 005c 72656738 		.ascii	"reg8\000"
 1161      00
 1162              	.LASF6:
 1163 0061 6C6F6E67 		.ascii	"long unsigned int\000"
 1163      20756E73 
 1163      69676E65 
 1163      6420696E 
 1163      7400
 1164              	.LASF12:
 1165 0073 75696E74 		.ascii	"uint8\000"
 1165      3800
 1166              	.LASF19:
 1167 0079 43594D45 		.ascii	"CYMEMZERO\000"
 1167      4D5A4552 
 1167      4F00
 1168              	.LASF2:
 1169 0083 756E7369 		.ascii	"unsigned char\000"
 1169      676E6564 
 1169      20636861 
 1169      7200
 1170              	.LASF31:
 1171 0091 433A5C55 		.ascii	"C:\\Users\\Ecapable\\Desktop\\PSoC_4_BLE_Pressure_S"
 1171      73657273 
 1171      5C456361 
 1171      7061626C 
 1171      655C4465 
 1172 00c0 656E736F 		.ascii	"ensor\\PSoC_4_BLE_Pressure_Sensor.cydsn\000"
 1172      725C5053 
 1172      6F435F34 
 1172      5F424C45 
 1172      5F507265 
 1173              	.LASF16:
 1174 00e7 646F7562 		.ascii	"double\000"
 1174      6C6500
 1175              	.LASF32:
 1176 00ee 63796669 		.ascii	"cyfitter_cfg\000"
 1176      74746572 
 1176      5F636667 
 1176      00
 1177              	.LASF29:
 1178 00fb 474E5520 		.ascii	"GNU C 4.9.3 20150303 (release) [ARM/embedded-4_9-br"
 1178      4320342E 
 1178      392E3320 
 1178      32303135 
 1178      30333033 
 1179 012e 616E6368 		.ascii	"anch revision 221220] -mcpu=cortex-m0 -mthumb -g -O"
ARM GAS  C:\Users\Ecapable\AppData\Local\Temp\ccLgjlIY.s 			page 28


 1179      20726576 
 1179      6973696F 
 1179      6E203232 
 1179      31323230 
 1180 0161 30202D66 		.ascii	"0 -ffunction-sections -ffat-lto-objects\000"
 1180      66756E63 
 1180      74696F6E 
 1180      2D736563 
 1180      74696F6E 
 1181              	.LASF13:
 1182 0189 75696E74 		.ascii	"uint16\000"
 1182      313600
 1183              	.LASF14:
 1184 0190 75696E74 		.ascii	"uint32\000"
 1184      333200
 1185              	.LASF0:
 1186 0197 756E7369 		.ascii	"unsigned int\000"
 1186      676E6564 
 1186      20696E74 
 1186      00
 1187              	.LASF25:
 1188 01a4 61646472 		.ascii	"address\000"
 1188      65737300 
 1189              	.LASF8:
 1190 01ac 6C6F6E67 		.ascii	"long long unsigned int\000"
 1190      206C6F6E 
 1190      6720756E 
 1190      7369676E 
 1190      65642069 
 1191              	.LASF27:
 1192 01c3 6366675F 		.ascii	"cfg_memset_t\000"
 1192      6D656D73 
 1192      65745F74 
 1192      00
 1193              	.LASF30:
 1194 01d0 2E5C4765 		.ascii	".\\Generated_Source\\PSoC4\\cyfitter_cfg.c\000"
 1194      6E657261 
 1194      7465645F 
 1194      536F7572 
 1194      63655C50 
 1195              	.LASF9:
 1196 01f8 73697A65 		.ascii	"sizetype\000"
 1196      74797065 
 1196      00
 1197              	.LASF7:
 1198 0201 6C6F6E67 		.ascii	"long long int\000"
 1198      206C6F6E 
 1198      6720696E 
 1198      7400
 1199              	.LASF10:
 1200 020f 63686172 		.ascii	"char\000"
 1200      00
 1201              	.LASF3:
 1202 0214 73686F72 		.ascii	"short int\000"
 1202      7420696E 
 1202      7400
 1203              	.LASF5:
ARM GAS  C:\Users\Ecapable\AppData\Local\Temp\ccLgjlIY.s 			page 29


 1204 021e 6C6F6E67 		.ascii	"long int\000"
 1204      20696E74 
 1204      00
 1205              	.LASF1:
 1206 0227 7369676E 		.ascii	"signed char\000"
 1206      65642063 
 1206      68617200 
 1207              	.LASF22:
 1208 0233 4359434F 		.ascii	"CYCONFIGCPYCODE\000"
 1208      4E464947 
 1208      43505943 
 1208      4F444500 
 1209              	.LASF20:
 1210 0243 4359434F 		.ascii	"CYCONFIGCPY\000"
 1210      4E464947 
 1210      43505900 
 1211              		.ident	"GCC: (GNU Tools for ARM Embedded Processors) 4.9.3 20150303 (release) [ARM/embedded-4_9-br
